Starfall I crash

panicked at /Users/home/.cargo/registry/src/index.crates.io-1949cf8c6b5b557f/bevy_audio-0.19.0/src/audio_source.rs:97:56:
called `Result::unwrap()` on an `Err` value: UnrecognizedFormat

Backtrace:
   0: std::backtrace_rs::backtrace::libunwind::trace
             at /rustc/59807616e1fa2540724bfbac14d7976d7e4a3860/library/std/src/../../backtrace/src/backtrace/libunwind.rs:117:9
   1: std::backtrace_rs::backtrace::trace_unsynchronized::<<std::backtrace::Backtrace>::create::{closure#0}>
             at /rustc/59807616e1fa2540724bfbac14d7976d7e4a3860/library/std/src/../../backtrace/src/backtrace/mod.rs:66:14
   2: <std::backtrace::Backtrace>::create
             at /rustc/59807616e1fa2540724bfbac14d7976d7e4a3860/library/std/src/backtrace.rs:331:13
   3: starfall_i::install_crash_logger::{{closure}}
             at ./src/main.rs:212:25
   4: <alloc::boxed::Box<dyn for<'a, 'b> core::ops::function::Fn<(&'a std::panic::PanicHookInfo<'b>,), Output = ()> + core::marker::Sync + core::marker::Send> as core::ops::function::Fn<(&std::panic::PanicHookInfo,)>>::call
             at /rustc/59807616e1fa2540724bfbac14d7976d7e4a3860/library/alloc/src/boxed.rs:2254:9
   5: std::panicking::panic_with_hook
             at /rustc/59807616e1fa2540724bfbac14d7976d7e4a3860/library/std/src/panicking.rs:833:13
   6: std::panicking::panic_handler::{closure#0}
             at /rustc/59807616e1fa2540724bfbac14d7976d7e4a3860/library/std/src/panicking.rs:698:13
   7: std::sys::backtrace::__rust_end_short_backtrace::<std::panicking::panic_handler::{closure#0}, !>
             at /rustc/59807616e1fa2540724bfbac14d7976d7e4a3860/library/std/src/sys/backtrace.rs:182:18
   8: __rustc::rust_begin_unwind
             at /rustc/59807616e1fa2540724bfbac14d7976d7e4a3860/library/std/src/panicking.rs:689:5
   9: core::panicking::panic_fmt
             at /rustc/59807616e1fa2540724bfbac14d7976d7e4a3860/library/core/src/panicking.rs:80:14
  10: core::result::unwrap_failed
             at /rustc/59807616e1fa2540724bfbac14d7976d7e4a3860/library/core/src/result.rs:1867:5
  11: core::result::Result<T,E>::unwrap
             at /rustc/59807616e1fa2540724bfbac14d7976d7e4a3860/library/core/src/result.rs:1233:23
  12: <bevy_audio::audio_source::AudioSource as bevy_audio::audio_source::Decodable>::decoder
             at /Users/home/.cargo/registry/src/index.crates.io-1949cf8c6b5b557f/bevy_audio-0.19.0/src/audio_source.rs:97:56
  13: bevy_audio::audio_output::play_queued_audio_system
  14: <bevy_ecs::system::function_system::FunctionSystem<Marker,In,Out,F> as bevy_ecs::system::system::System>::run_unsafe
  15: bevy_ecs::schedule::executor::__rust_begin_short_backtrace::run_unsafe
             at /Users/home/.cargo/registry/src/index.crates.io-1949cf8c6b5b557f/bevy_ecs-0.19.0/src/schedule/executor/mod.rs:263:38
  16: bevy_ecs::schedule::executor::multi_threaded::ExecutorState::spawn_system_task::{{closure}}::{{closure}}
             at /Users/home/.cargo/registry/src/index.crates.io-1949cf8c6b5b557f/bevy_ecs-0.19.0/src/schedule/executor/multi_threaded.rs:666:25
  17: core::ops::function::FnOnce::call_once
             at /rustc/59807616e1fa2540724bfbac14d7976d7e4a3860/library/core/src/ops/function.rs:250:5
  18: <core::panic::unwind_safe::AssertUnwindSafe<F> as core::ops::function::FnOnce<()>>::call_once
             at /rustc/59807616e1fa2540724bfbac14d7976d7e4a3860/library/core/src/panic/unwind_safe.rs:274:9
  19: std::panicking::catch_unwind::do_call
             at /rustc/59807616e1fa2540724bfbac14d7976d7e4a3860/library/std/src/panicking.rs:581:40
  20: std::panicking::catch_unwind
             at /rustc/59807616e1fa2540724bfbac14d7976d7e4a3860/library/std/src/panicking.rs:544:19
  21: std::panic::catch_unwind
             at /rustc/59807616e1fa2540724bfbac14d7976d7e4a3860/library/std/src/panic.rs:359:14
  22: bevy_ecs::schedule::executor::multi_threaded::ExecutorState::spawn_system_task::{{closure}}
             at /Users/home/.cargo/registry/src/index.crates.io-1949cf8c6b5b557f/bevy_ecs-0.19.0/src/schedule/executor/multi_threaded.rs:659:23
  23: <core::panic::unwind_safe::AssertUnwindSafe<F> as core::future::future::Future>::poll
             at /rustc/59807616e1fa2540724bfbac14d7976d7e4a3860/library/core/src/panic/unwind_safe.rs:299:9
  24: <futures_lite::future::CatchUnwind<F> as core::future::future::Future>::poll::{{closure}}
             at /Users/home/.cargo/registry/src/index.crates.io-1949cf8c6b5b557f/futures-lite-2.6.1/src/future.rs:653:53
  25: <core::panic::unwind_safe::AssertUnwindSafe<F> as core::ops::function::FnOnce<()>>::call_once
             at /rustc/59807616e1fa2540724bfbac14d7976d7e4a3860/library/core/src/panic/unwind_safe.rs:274:9
  26: std::panicking::catch_unwind::do_call
             at /rustc/59807616e1fa2540724bfbac14d7976d7e4a3860/library/std/src/panicking.rs:581:40
  27: std::panicking::catch_unwind
             at /rustc/59807616e1fa2540724bfbac14d7976d7e4a3860/library/std/src/panicking.rs:544:19
  28: std::panic::catch_unwind
             at /rustc/59807616e1fa2540724bfbac14d7976d7e4a3860/library/std/src/panic.rs:359:14
  29: <futures_lite::future::CatchUnwind<F> as core::future::future::Future>::poll
             at /Users/home/.cargo/registry/src/index.crates.io-1949cf8c6b5b557f/futures-lite-2.6.1/src/future.rs:653:9
  30: async_task::raw::RawTask<F,T,S,M>::run
  31: async_task::runnable::Runnable<M>::run
             at /Users/home/.cargo/registry/src/index.crates.io-1949cf8c6b5b557f/async-task-4.7.1/src/runnable.rs:781:18
  32: async_executor::State::run::{{closure}}::{{closure}}
             at /Users/home/.cargo/registry/src/index.crates.io-1949cf8c6b5b557f/async-executor-1.14.0/src/lib.rs:749:30
  33: <futures_lite::future::Or<F1,F2> as core::future::future::Future>::poll
             at /Users/home/.cargo/registry/src/index.crates.io-1949cf8c6b5b557f/futures-lite-2.6.1/src/future.rs:454:46
  34: async_executor::State::run::{{closure}}
             at /Users/home/.cargo/registry/src/index.crates.io-1949cf8c6b5b557f/async-executor-1.14.0/src/lib.rs:756:32
  35: async_executor::Executor::run::{{closure}}
             at /Users/home/.cargo/registry/src/index.crates.io-1949cf8c6b5b557f/async-executor-1.14.0/src/lib.rs:353:34
  36: futures_lite::future::block_on::{{closure}}
             at /Users/home/.cargo/registry/src/index.crates.io-1949cf8c6b5b557f/futures-lite-2.6.1/src/future.rs:96:35
  37: std::thread::local::LocalKey<T>::try_with
             at /rustc/59807616e1fa2540724bfbac14d7976d7e4a3860/library/std/src/thread/local.rs:513:12
  38: std::thread::local::LocalKey<T>::with
             at /rustc/59807616e1fa2540724bfbac14d7976d7e4a3860/library/std/src/thread/local.rs:477:20
  39: futures_lite::future::block_on
             at /Users/home/.cargo/registry/src/index.crates.io-1949cf8c6b5b557f/futures-lite-2.6.1/src/future.rs:75:11
  40: bevy_tasks::task_pool::TaskPool::new_internal::{{closure}}::{{closure}}::{{closure}}::{{closure}}
             at /Users/home/.cargo/registry/src/index.crates.io-1949cf8c6b5b557f/bevy_tasks-0.19.0/src/task_pool.rs:203:37
  41: std::panicking::catch_unwind::do_call
             at /rustc/59807616e1fa2540724bfbac14d7976d7e4a3860/library/std/src/panicking.rs:581:40
  42: std::panicking::catch_unwind
             at /rustc/59807616e1fa2540724bfbac14d7976d7e4a3860/library/std/src/panicking.rs:544:19
  43: std::panic::catch_unwind
             at /rustc/59807616e1fa2540724bfbac14d7976d7e4a3860/library/std/src/panic.rs:359:14
  44: bevy_tasks::task_pool::TaskPool::new_internal::{{closure}}::{{closure}}::{{closure}}
             at /Users/home/.cargo/registry/src/index.crates.io-1949cf8c6b5b557f/bevy_tasks-0.19.0/src/task_pool.rs:197:43
  45: std::thread::local::LocalKey<T>::try_with
             at /rustc/59807616e1fa2540724bfbac14d7976d7e4a3860/library/std/src/thread/local.rs:513:12
  46: std::thread::local::LocalKey<T>::with
             at /rustc/59807616e1fa2540724bfbac14d7976d7e4a3860/library/std/src/thread/local.rs:477:20
  47: bevy_tasks::task_pool::TaskPool::new_internal::{{closure}}::{{closure}}
             at /Users/home/.cargo/registry/src/index.crates.io-1949cf8c6b5b557f/bevy_tasks-0.19.0/src/task_pool.rs:190:50
  48: std::sys::backtrace::__rust_begin_short_backtrace
             at /rustc/59807616e1fa2540724bfbac14d7976d7e4a3860/library/std/src/sys/backtrace.rs:166:18
  49: std::thread::lifecycle::spawn_unchecked::{{closure}}::{{closure}}
             at /rustc/59807616e1fa2540724bfbac14d7976d7e4a3860/library/std/src/thread/lifecycle.rs:91:13
  50: <core::panic::unwind_safe::AssertUnwindSafe<F> as core::ops::function::FnOnce<()>>::call_once
             at /rustc/59807616e1fa2540724bfbac14d7976d7e4a3860/library/core/src/panic/unwind_safe.rs:274:9
  51: std::panicking::catch_unwind::do_call
             at /rustc/59807616e1fa2540724bfbac14d7976d7e4a3860/library/std/src/panicking.rs:581:40
  52: std::panicking::catch_unwind
             at /rustc/59807616e1fa2540724bfbac14d7976d7e4a3860/library/std/src/panicking.rs:544:19
  53: std::panic::catch_unwind
             at /rustc/59807616e1fa2540724bfbac14d7976d7e4a3860/library/std/src/panic.rs:359:14
  54: std::thread::lifecycle::spawn_unchecked::{{closure}}
             at /rustc/59807616e1fa2540724bfbac14d7976d7e4a3860/library/std/src/thread/lifecycle.rs:89:26
  55: core::ops::function::FnOnce::call_once{{vtable.shim}}
             at /rustc/59807616e1fa2540724bfbac14d7976d7e4a3860/library/core/src/ops/function.rs:250:5
  56: <alloc::boxed::Box<dyn core::ops::function::FnOnce<(), Output = ()> + core::marker::Send> as core::ops::function::FnOnce<()>>::call_once
             at /rustc/59807616e1fa2540724bfbac14d7976d7e4a3860/library/alloc/src/boxed.rs:2240:9
  57: <std::sys::thread::unix::Thread>::new::thread_start
             at /rustc/59807616e1fa2540724bfbac14d7976d7e4a3860/library/std/src/sys/thread/unix.rs:118:17
  58: __pthread_cond_wait

